// Vitest Snapshot v1, https://vitest.dev/guide/snapshot.html

exports[`should build proper query for 'manufacturers' resolver 1`] = `"query ManufacturerById($Manufacturer_id: ID!) { manufacturer(id: $Manufacturer_id) { ...export } } fragment export on Manufacturer { name }"`;

exports[`should build proper query for 'products' resolver 1`] = `"query ProductByUpc($Product_upc: ID!) { product(upc: $Product_upc) { ...export } } fragment export on Product { name manufacturer { products { upc name } id } }"`;

exports[`should build proper query for 'storefronts' resolver 1`] = `"query storefront($id: ID!) { storefront(id: $id) { ...export } } fragment export on Storefront { id name products { upc } }"`;

exports[`should execute > manufacturers 1`] = `"{"query":"query ManufacturerById($Manufacturer_id: ID!) { manufacturer(id: $Manufacturer_id) { ...export } } fragment export on Manufacturer { name }","operationName":null,"variables":{"Manufacturer_id":"manufacturer-of-laptop"}}"`;

exports[`should execute > manufacturers 2`] = `"{"query":"query ManufacturerById($Manufacturer_id: ID!) { manufacturer(id: $Manufacturer_id) { ...export } } fragment export on Manufacturer { name }","operationName":null,"variables":{"Manufacturer_id":"manufacturer-of-computer"}}"`;

exports[`should execute > manufacturers 3`] = `"{"query":"query ManufacturerById($Manufacturer_id: ID!) { manufacturer(id: $Manufacturer_id) { ...export } } fragment export on Manufacturer { name }","operationName":null,"variables":{"Manufacturer_id":"manufacturer-of-headset"}}"`;

exports[`should execute > products 1`] = `"{"query":"query ProductByUpc($Product_upc: ID!) { product(upc: $Product_upc) { ...export } } fragment export on Product { name manufacturer { products { upc name } id } }","operationName":null,"variables":{"Product_upc":"laptop"}}"`;

exports[`should execute > products 2`] = `"{"query":"query ProductByUpc($Product_upc: ID!) { product(upc: $Product_upc) { ...export } } fragment export on Product { name manufacturer { products { upc name } id } }","operationName":null,"variables":{"Product_upc":"computer"}}"`;

exports[`should execute > products 3`] = `"{"query":"query ProductByUpc($Product_upc: ID!) { product(upc: $Product_upc) { ...export } } fragment export on Product { name manufacturer { products { upc name } id } }","operationName":null,"variables":{"Product_upc":"headset"}}"`;

exports[`should execute > storefronts 1`] = `"{"query":"query storefront($id: ID!) { storefront(id: $id) { ...export } } fragment export on Storefront { id name products { upc } }","operationName":null,"variables":{"id":""}}"`;

exports[`should execute 1`] = `
{
  "data": {
    "storefront": {
      "id": "cyberport",
      "name": "CyberPort",
      "products": [
        {
          "manufacturer": {
            "id": "manufacturer-of-laptop",
            "name": "TODO: name of manufacturer manufacturer-of-laptop",
            "products": [
              {
                "name": "TODO: name of product laptop",
                "upc": "laptop",
              },
              {
                "name": "TODO: name of product otherthing",
                "upc": "otherthing",
              },
            ],
          },
          "name": "TODO: name of product laptop",
          "upc": "laptop",
        },
        {
          "manufacturer": {
            "id": "manufacturer-of-computer",
            "name": "TODO: name of manufacturer manufacturer-of-computer",
            "products": [
              {
                "name": "TODO: name of product computer",
                "upc": "computer",
              },
              {
                "name": "TODO: name of product otherthing",
                "upc": "otherthing",
              },
            ],
          },
          "name": "TODO: name of product computer",
          "upc": "computer",
        },
        {
          "manufacturer": {
            "id": "manufacturer-of-headset",
            "name": "TODO: name of manufacturer manufacturer-of-headset",
            "products": [
              {
                "name": "TODO: name of product headset",
                "upc": "headset",
              },
              {
                "name": "TODO: name of product otherthing",
                "upc": "otherthing",
              },
            ],
          },
          "name": "TODO: name of product headset",
          "upc": "headset",
        },
      ],
    },
  },
}
`;
