// Vitest Snapshot v1, https://vitest.dev/guide/snapshot.html

exports[`should plan gather 1`] = `
{
  "operations": [
    {
      "fields": [
        {
          "fields": [
            {
              "isNonNull": true,
              "kind": "scalar",
              "name": "id",
              "type": "ID",
            },
            {
              "isNonNull": true,
              "kind": "scalar",
              "name": "name",
              "type": "String",
            },
            {
              "fields": [
                {
                  "isNonNull": true,
                  "kind": "scalar",
                  "name": "upc",
                  "type": "ID",
                },
                {
                  "isNonNull": true,
                  "kind": "scalar",
                  "name": "name",
                  "type": "String",
                },
                {
                  "fields": [
                    {
                      "fields": [
                        {
                          "isNonNull": true,
                          "kind": "scalar",
                          "name": "upc",
                          "type": "ID",
                        },
                        {
                          "isNonNull": true,
                          "kind": "scalar",
                          "name": "name",
                          "type": "String",
                        },
                      ],
                      "isList": true,
                      "isListItemNonNull": false,
                      "isNonNull": true,
                      "kind": "composite",
                      "name": "products",
                      "type": "Product",
                    },
                    {
                      "isNonNull": true,
                      "kind": "scalar",
                      "name": "name",
                      "type": "String",
                    },
                  ],
                  "isList": false,
                  "isListItemNonNull": false,
                  "isNonNull": false,
                  "kind": "composite",
                  "name": "manufacturer",
                  "type": "Manufacturer",
                },
              ],
              "isList": true,
              "isListItemNonNull": false,
              "isNonNull": true,
              "kind": "composite",
              "name": "products",
              "type": "Product",
            },
          ],
          "isList": false,
          "isListItemNonNull": false,
          "isNonNull": false,
          "kind": "composite",
          "name": "storefront",
          "type": "Storefront",
        },
      ],
      "name": null,
      "resolvers": [
        {
          "exports": [
            "id",
            "name",
            "products.upc",
          ],
          "id": "storefronts",
          "imports": {},
          "includes": {
            "products": {
              "exports": [
                "name",
                "manufacturer.products.upc",
                "manufacturer.products.name",
                "manufacturer.id",
              ],
              "id": "products",
              "imports": {
                "products.upc": "Product_upc",
              },
              "includes": {
                "manufacturer": {
                  "exports": [
                    "name",
                  ],
                  "id": "manufacturers",
                  "imports": {
                    "manufacturer.id": "Manufacturer_id",
                  },
                  "includes": {},
                  "kind": "fetch",
                  "name": "Manufacturer",
                  "operation": "query ManufacturerById($Manufacturer_id: ID!) { manufacturer(id: $Manufacturer_id) { ...export } }",
                  "type": "Manufacturer",
                  "url": "http://localhost/graphql",
                  "variables": {
                    "Manufacturer_id": {
                      "name": "Manufacturer_id",
                      "select": "id",
                    },
                  },
                },
              },
              "kind": "fetch",
              "name": "Product",
              "operation": "query ProductByUpc($Product_upc: ID!) { product(upc: $Product_upc) { ...export } }",
              "type": "Product",
              "url": "http://localhost/graphql",
              "variables": {
                "Product_upc": {
                  "name": "Product_upc",
                  "select": "upc",
                },
              },
            },
          },
          "kind": "fetch",
          "name": "storefront",
          "operation": "query storefront($id: ID!) { storefront(id: $id) { ...export } }",
          "type": "Storefront",
          "url": "http://localhost/graphql",
          "variables": {},
        },
      ],
      "type": "query",
    },
  ],
  "paths": [
    "storefront",
    "storefront.id",
    "storefront.name",
    "storefront.products",
    "storefront.products.upc",
    "storefront.products.name",
    "storefront.products.manufacturer",
    "storefront.products.manufacturer.products",
    "storefront.products.manufacturer.products.upc",
    "storefront.products.manufacturer.products.name",
    "storefront.products.manufacturer.name",
  ],
  "query": "{
  storefront(id: "2") {
    id
    name
    products {
      upc
      name
      manufacturer {
        products {
          upc
          name
        }
        name
      }
    }
  }
}",
}
`;
