// Vitest Snapshot v1, https://vitest.dev/guide/snapshot.html

exports[`should plan schema 1`] = `
{
  "compositeTypes": {
    "Manufacturer": {
      "fields": {
        "id": {
          "name": "id",
          "sources": {
            "manufacturers": {
              "id": "manufacturers",
              "name": "id",
            },
            "products": {
              "id": "products",
              "name": "id",
            },
          },
        },
        "name": {
          "name": "name",
          "sources": {
            "manufacturers": {
              "id": "manufacturers",
              "name": "name",
            },
          },
        },
        "products": {
          "name": "products",
          "sources": {
            "products": {
              "id": "products",
              "name": "products",
            },
          },
        },
      },
      "name": "Manufacturer",
      "resolvers": {
        "manufacturers": {
          "id": "manufacturers",
          "kind": "fetch",
          "name": "Manufacturer",
          "operation": "query ManufacturerById($Manufacturer_id: ID!) { manufacturer(id: $Manufacturer_id) { ...export } }",
          "url": "",
          "variables": {
            "Manufacturer_id": {
              "name": "Manufacturer_id",
              "select": "id",
            },
          },
        },
        "products": {
          "id": "products",
          "kind": "fetch",
          "name": "Manufacturer",
          "operation": "query ManufacturerById($Manufacturer_id: ID!) { _manufacturer(id: $Manufacturer_id) { ...export } }",
          "url": "",
          "variables": {
            "Manufacturer_id": {
              "name": "Manufacturer_id",
              "select": "id",
            },
          },
        },
      },
    },
    "Product": {
      "fields": {
        "manufacturer": {
          "name": "manufacturer",
          "sources": {
            "products": {
              "id": "products",
              "name": "manufacturer",
            },
          },
        },
        "name": {
          "name": "name",
          "sources": {
            "products": {
              "id": "products",
              "name": "name",
            },
          },
        },
        "price": {
          "name": "price",
          "sources": {
            "products": {
              "id": "products",
              "name": "price",
            },
          },
        },
        "upc": {
          "name": "upc",
          "sources": {
            "products": {
              "id": "products",
              "name": "upc",
            },
            "storefronts": {
              "id": "storefronts",
              "name": "upc",
            },
          },
        },
      },
      "name": "Product",
      "resolvers": {
        "products": {
          "id": "products",
          "kind": "fetch",
          "name": "Product",
          "operation": "query ProductByUpc($Product_upc: ID!) { product(upc: $Product_upc) { ...export } }",
          "url": "",
          "variables": {
            "Product_upc": {
              "name": "Product_upc",
              "select": "upc",
            },
          },
        },
        "storefronts": {
          "id": "storefronts",
          "kind": "fetch",
          "name": "Product",
          "operation": "TODO",
          "url": "",
          "variables": {
            "Product_upc": {
              "name": "Product_upc",
              "select": "upc",
            },
          },
        },
      },
    },
    "Storefront": {
      "fields": {
        "id": {
          "name": "id",
          "sources": {
            "storefronts": {
              "id": "storefronts",
              "name": "id",
            },
          },
        },
        "name": {
          "name": "name",
          "sources": {
            "storefronts": {
              "id": "storefronts",
              "name": "name",
            },
          },
        },
        "products": {
          "name": "products",
          "sources": {
            "storefronts": {
              "id": "storefronts",
              "name": "products",
            },
          },
        },
      },
      "name": "Storefront",
      "resolvers": {
        "storefronts": {
          "id": "storefronts",
          "kind": "fetch",
          "name": "Storefront",
          "operation": "query StorefrontById($Storefront_id: ID!) { storefront(id: $Storefront_id) { ...export } }",
          "url": "",
          "variables": {
            "Storefront_id": {
              "name": "Storefront_id",
              "select": "id",
            },
          },
        },
      },
    },
  },
  "operations": {
    "query": {
      "fields": {
        "_manufacturer": {
          "name": "_manufacturer",
          "resolvers": {
            "products": {
              "id": "products",
              "kind": "fetch",
              "name": "_manufacturer",
              "operation": "query _manufacturer($id: ID!) { _manufacturer(id: $id) { ...export } }",
              "url": "",
              "variables": {},
            },
          },
        },
        "manufacturer": {
          "name": "manufacturer",
          "resolvers": {
            "manufacturers": {
              "id": "manufacturers",
              "kind": "fetch",
              "name": "manufacturer",
              "operation": "query manufacturer($id: ID!) { manufacturer(id: $id) { ...export } }",
              "url": "",
              "variables": {},
            },
          },
        },
        "product": {
          "name": "product",
          "resolvers": {
            "products": {
              "id": "products",
              "kind": "fetch",
              "name": "product",
              "operation": "query product($upc: ID!) { product(upc: $upc) }",
              "url": "",
              "variables": {},
            },
          },
        },
        "storefront": {
          "name": "storefront",
          "resolvers": {
            "storefronts": {
              "id": "storefronts",
              "kind": "fetch",
              "name": "storefront",
              "operation": "query storefront($id: ID!) { storefront(id: $id) { ...export } }",
              "url": "",
              "variables": {},
            },
          },
        },
      },
      "name": "query",
    },
  },
}
`;
